[Licensing::Module] Trying to connect to existing licensing client channel...
[Licensing::IpcConnector] Successfully connected to: "LicenseClient-Admin" at "2026-03-10T09:29:12.4531531Z"
Built from '6000.3/staging' branch; Version is '6000.3.10f1 (e35f0c77bd8e) revision 14901004'; Using compiler version '194234433'; Build Type 'Release'
OS: 'Windows 11  (10.0.26100) Professional' Language: 'vi' Physical Memory: 16142 MB
BatchMode: 1, IsHumanControllingUs: 0, StartBugReporterOnCrash: 0, Is64bit: 1
System  architecture: x64
Process architecture: x64
Date: 2026-03-10T09:29:12Z

COMMAND LINE ARGUMENTS:
C:\Program Files\Unity\Hub\Editor\6000.3.10f1\Editor\Unity.exe
-quit
-batchmode
-projectPath
d:\Thư mục mới\legendofblood\legacyofblood_unity_mobile_portraitframe\legacyofblood_unity_mobile_portraitframe
-executeMethod
SyncProjectFiles.Sync
-logFile
sync_vs.log
Successfully changed project path to: d:\Thư mục mới\legendofblood\legacyofblood_unity_mobile_portraitframe\legacyofblood_unity_mobile_portraitframe
D:/Thư mục mới/legendofblood/legacyofblood_unity_mobile_portraitframe/legacyofblood_unity_mobile_portraitframe
[UnityMemory] Configuration Parameters - Can be set up in boot.config
    "memorysetup-temp-allocator-size-nav-mesh-worker=65536"
    "memorysetup-temp-allocator-size-audio-worker=65536"
    "memorysetup-temp-allocator-size-gfx=262144"
    "memorysetup-allocator-temp-initial-block-size-main=262144"
    "memorysetup-allocator-temp-initial-block-size-worker=262144"
    "memorysetup-temp-allocator-size-background-worker=32768"
    "memorysetup-temp-allocator-size-job-worker=262144"
    "memorysetup-temp-allocator-size-preload-manager=33554432"
    "memorysetup-temp-allocator-size-gi-baking-worker=262144"
    "memorysetup-temp-allocator-size-gi-baking-worker=262144"
    "memorysetup-temp-allocator-size-gi-baking-worker=262144"
    "memorysetup-temp-allocator-size-gi-baking-worker=262144"
    "memorysetup-temp-allocator-size-gi-baking-worker=262144"
    "memorysetup-bucket-allocator-granularity=16"
    "memorysetup-bucket-allocator-bucket-count=8"
    "memorysetup-bucket-allocator-block-size=33554432"
    "memorysetup-bucket-allocator-block-count=8"
    "memorysetup-main-allocator-block-size=16777216"
    "memorysetup-thread-allocator-block-size=16777216"
    "memorysetup-gfx-main-allocator-block-size=16777216"
    "memorysetup-gfx-thread-allocator-block-size=16777216"
    "memorysetup-cache-allocator-block-size=4194304"
    "memorysetup-typetree-allocator-block-size=2097152"
    "memorysetup-profiler-bucket-allocator-granularity=16"
    "memorysetup-profiler-bucket-allocator-bucket-count=8"
    "memorysetup-profiler-bucket-allocator-block-size=33554432"
    "memorysetup-profiler-bucket-allocator-block-count=8"
    "memorysetup-profiler-allocator-block-size=16777216"
    "memorysetup-profiler-editor-allocator-block-size=1048576"
    "memorysetup-temp-allocator-size-main=16777216"
    "memorysetup-job-temp-allocator-block-size=2097152"
    "memorysetup-job-temp-allocator-block-size-background=1048576"
    "memorysetup-job-temp-allocator-reduction-small-platforms=262144"
    "memorysetup-temp-allocator-size-cloud-worker=32768"
Player connection [25900]  Target information:

Player connection [25900]  * "[IP] 192.168.68.67 [Port] 55504 [Flags] 2 [Guid] 3481233685 [EditorId] 3481233685 [Version] 1048832 [Id] WindowsEditor(7,DESKTOP-Q39RSO5) [Debug] 1 [PackageName] WindowsEditor [ProjectName] Editor" 

Player connection [25900] Host joined multi-casting on [225.0.0.222:54997]...
Player connection [25900] Host joined alternative multi-casting on [225.0.0.222:34997]...
Input System module state changed to: Initialized.
[Physics::Module] Initialized fallback backend.
[Physics::Module] Id: 0xdecafbad
[Package Manager] Connected to IPC stream "Upm-29060" after 0.2 seconds.
[Licensing::Module] Licensing is not yet initialized.
[Licensing::Client] Handshaking with LicensingClient:
  Version:                 1.17.4+4293ba1
  Session Id:              062cdb3258e24180b9f6818b69cb9d5b
  Correlation Id:          107a8e5175aa6c20afeb6cef8ea52608
  External correlation Id: 1904968484282194815
  Machine Id:              c/ITmo/wYEP1n4qKTxi9pk+2KS8=
[Licensing::Module] Successfully connected to LicensingClient on channel: "LicenseClient-Admin" (connect: 0.00s, validation: 0.00s, handshake: 0.64s)
[Licensing::IpcConnector] Successfully connected to: "LicenseClient-Admin-notifications" at "2026-03-10T09:29:13.0932176Z"
[Licensing::Module] Error: Access token is unavailable; failed to update
[Licensing::Client] Successfully resolved entitlement details
[Licensing::Module] License group:
  Id: 18968392576036-UnityPersXXXX
  Product: Unity Personal
  Type: Assigned
  Expiration: Unlimited
[Licensing::Client] Successfully updated license, isAsync: True, time: 0.00
[Licensing::Client] Successfully resolved entitlement details
[Licensing::Module] Licensing Background thread has ended after 0.65s
[Licensing::Module] Licensing is initialized (took 0.22s).
[Licensing::Client] Successfully resolved entitlement details
Library Redirect Path: Library/
[Physics::Module] Selected backend.
[Physics::Module] Name: PhysX
[Physics::Module] Id: 0xf2b8ea05
[Physics::Module] SDK Version: 4.1.2
[Physics::Module] Integration Version: 1.0.0
[Physics::Module] Threading Mode: Multi-Threaded
Refreshing native plugins compatible for Editor in 0.62 ms, found 0 plugins.
Preloading 0 native plugins for Editor in 0.00 ms.
Initialize engine version: 6000.3.10f1 (e35f0c77bd8e)
[Subsystems] Discovering subsystems at path C:/Program Files/Unity/Hub/Editor/6000.3.10f1/Editor/Data/Resources/UnitySubsystems
[Subsystems] Discovering subsystems at path D:/Thư mục mới/legendofblood/legacyofblood_unity_mobile_portraitframe/legacyofblood_unity_mobile_portraitframe/Assets
GfxDevice: creating device client; kGfxThreadingModeNonThreaded
Direct3D:
    Version:  Direct3D 11.0 [level 11.1]
    Renderer: NVIDIA GeForce RTX 2060 (ID=0x1f08)
    Vendor:   NVIDIA
    VRAM:     5955 MB
    Driver:   32.0.15.9174
Initialize mono
Mono path[0] = 'C:/Program Files/Unity/Hub/Editor/6000.3.10f1/Editor/Data/Managed'
Mono path[1] = 'C:/Program Files/Unity/Hub/Editor/6000.3.10f1/Editor/Data/MonoBleedingEdge/lib/mono/unityjit-win32'
Mono config path = 'C:/Program Files/Unity/Hub/Editor/6000.3.10f1/Editor/Data/MonoBleedingEdge/etc'
Using monoOptions --debugger-agent=transport=dt_socket,embedding=1,server=y,suspend=n,address=127.0.0.1:56060
Using cacheserver namespaces - metadata:defaultmetadata, artifacts:defaultartifacts
Using cacheserver namespaces - metadata:defaultmetadata, artifacts:defaultartifacts
ImportWorker Server TCP listen port: 0
AcceleratorClientConnectionCallback - disconnected - :0
Begin MonoManager ReloadAssembly
Registering precompiled unity dll's ...
Register platform support module: C:/Program Files/Unity/Hub/Editor/6000.3.10f1/Editor/Data/PlaybackEngines/WebGLSupport/UnityEditor.WebGL.Extensions.dll
Register platform support module: C:/Program Files/Unity/Hub/Editor/6000.3.10f1/Editor/Data/PlaybackEngines/WindowsStandaloneSupport/UnityEditor.WindowsStandalone.Extensions.dll
Registered in 0.001163 seconds.
- Loaded All Assemblies, in  0.309 seconds
Native extension for WindowsStandalone target not found
Native extension for WebGL target not found
ScheduleIndexationOnStartup MainProcess:False IndexOnStartup:True
Mono: successfully reloaded assembly
- Finished resetting the current domain, in  0.310 seconds
Domain Reload Profiling: 618ms
	BeginReloadAssembly (97ms)
		ExecutionOrderSort (0ms)
		DisableScriptedObjects (0ms)
		BackupInstance (0ms)
		ReleaseScriptingObjects (0ms)
		CreateAndSetChildDomain (2ms)
	RebuildCommonClasses (28ms)
	RebuildNativeTypeToScriptingClass (10ms)
	initialDomainReloadingComplete (37ms)
	LoadAllAssembliesAndSetupDomain (136ms)
		LoadAssemblies (93ms)
		RebuildTransferFunctionScriptingTraits (0ms)
		AnalyzeDomain (134ms)
			TypeCache.Refresh (132ms)
				TypeCache.ScanAssembly (121ms)
			BuildScriptInfoCaches (0ms)
			ResolveRequiredComponents (0ms)
	FinalizeReload (311ms)
		ReleaseScriptCaches (0ms)
		RebuildScriptCaches (0ms)
		SetupLoadedEditorAssemblies (282ms)
			LogAssemblyErrors (0ms)
			InitializePlatformSupportModulesInManaged (40ms)
			SetLoadedEditorAssemblies (3ms)
			BeforeProcessingInitializeOnLoad (63ms)
			ProcessInitializeOnLoadAttributes (117ms)
			ProcessInitializeOnLoadMethodAttributes (58ms)
			AfterProcessingInitializeOnLoad (0ms)
			EditorAssembliesLoaded (0ms)
		ExecutionOrderSort2 (0ms)
		AwakeInstancesAfterBackupRestoration (0ms)
[Licensing::Client] Successfully resolved entitlement details
Application.AssetDatabase Initial Refresh Start
Package Manager log level set to [2]
[Package Manager] Restoring resolved packages state from cache
[Licensing::Client] Successfully resolved entitlement details
[Package Manager] Registered 70 packages:
  Packages from [https://packages.unity.com]:
    com.unity.2d.animation@13.0.4 (location: D:\Thư mục mới\legendofblood\legacyofblood_unity_mobile_portraitframe\legacyofblood_unity_mobile_portraitframe\Library\PackageCache\com.unity.2d.animation@7396d8477ca9)
    com.unity.2d.psdimporter@12.0.1 (location: D:\Thư mục mới\legendofblood\legacyofblood_unity_mobile_portraitframe\legacyofblood_unity_mobile_portraitframe\Library\PackageCache\com.unity.2d.psdimporter@9abe0f7cac7e)
    com.unity.2d.spriteshape@13.0.0 (location: D:\Thư mục mới\legendofblood\legacyofblood_unity_mobile_portraitframe\legacyofblood_unity_mobile_portraitframe\Library\PackageCache\com.unity.2d.spriteshape@0738bab11647)
    com.unity.2d.tilemap.extras@6.0.1 (location: D:\Thư mục mới\legendofblood\legacyofblood_unity_mobile_portraitframe\legacyofblood_unity_mobile_portraitframe\Library\PackageCache\com.unity.2d.tilemap.extras@3dde84bf3867)
    com.unity.collab-proxy@2.11.3 (location: D:\Thư mục mới\legendofblood\legacyofblood_unity_mobile_portraitframe\legacyofblood_unity_mobile_portraitframe\Library\PackageCache\com.unity.collab-proxy@e566cd3e7623)
    com.unity.ide.rider@3.0.39 (location: D:\Thư mục mới\legendofblood\legacyofblood_unity_mobile_portraitframe\legacyofblood_unity_mobile_portraitframe\Library\PackageCache\com.unity.ide.rider@4504839d03f7)
    com.unity.ide.visualstudio@2.0.26 (location: D:\Thư mục mới\legendofblood\legacyofblood_unity_mobile_portraitframe\legacyofblood_unity_mobile_portraitframe\Library\PackageCache\com.unity.ide.visualstudio@a99d56dec63f)
    com.unity.inputsystem@1.18.0 (location: D:\Thư mục mới\legendofblood\legacyofblood_unity_mobile_portraitframe\legacyofblood_unity_mobile_portraitframe\Library\PackageCache\com.unity.inputsystem@57d0e36f6123)
    com.unity.purchasing@5.0.1 (location: D:\Thư mục mới\legendofblood\legacyofblood_unity_mobile_portraitframe\legacyofblood_unity_mobile_portraitframe\Library\PackageCache\com.unity.purchasing@821fd0bcef6f)
    com.unity.timeline@1.8.10 (location: D:\Thư mục mới\legendofblood\legacyofblood_unity_mobile_portraitframe\legacyofblood_unity_mobile_portraitframe\Library\PackageCache\com.unity.timeline@7f8b2fb101b6)
    com.unity.visualscripting@1.9.9 (location: D:\Thư mục mới\legendofblood\legacyofblood_unity_mobile_portraitframe\legacyofblood_unity_mobile_portraitframe\Library\PackageCache\com.unity.visualscripting@191c0d7e3b69)
    com.unity.services.core@1.16.0 (location: D:\Thư mục mới\legendofblood\legacyofblood_unity_mobile_portraitframe\legacyofblood_unity_mobile_portraitframe\Library\PackageCache\com.unity.services.core@8ba50f624741)
    com.unity.2d.pixel-perfect@5.1.1 (location: D:\Thư mục mới\legendofblood\legacyofblood_unity_mobile_portraitframe\legacyofblood_unity_mobile_portraitframe\Library\PackageCache\com.unity.2d.pixel-perfect@09d99455b901)
    com.unity.2d.aseprite@3.0.1 (location: D:\Thư mục mới\legendofblood\legacyofblood_unity_mobile_portraitframe\legacyofblood_unity_mobile_portraitframe\Library\PackageCache\com.unity.2d.aseprite@809e3a168ff7)
    com.unity.2d.tooling@1.0.2 (location: D:\Thư mục mới\legendofblood\legacyofblood_unity_mobile_portraitframe\legacyofblood_unity_mobile_portraitframe\Library\PackageCache\com.unity.2d.tooling@249995156768)
    com.unity.2d.common@12.0.2 (location: D:\Thư mục mới\legendofblood\legacyofblood_unity_mobile_portraitframe\legacyofblood_unity_mobile_portraitframe\Library\PackageCache\com.unity.2d.common@800085e896ad)
    com.unity.mathematics@1.3.3 (location: D:\Thư mục mới\legendofblood\legacyofblood_unity_mobile_portraitframe\legacyofblood_unity_mobile_portraitframe\Library\PackageCache\com.unity.mathematics@19a9377c4ffa)
    com.unity.collections@2.6.2 (location: D:\Thư mục mới\legendofblood\legacyofblood_unity_mobile_portraitframe\legacyofblood_unity_mobile_portraitframe\Library\PackageCache\com.unity.collections@aea9d3bd5e19)
    com.unity.searcher@4.9.4 (location: D:\Thư mục mới\legendofblood\legacyofblood_unity_mobile_portraitframe\legacyofblood_unity_mobile_portraitframe\Library\PackageCache\com.unity.searcher@d45a78918735)
    com.unity.burst@1.8.28 (location: D:\Thư mục mới\legendofblood\legacyofblood_unity_mobile_portraitframe\legacyofblood_unity_mobile_portraitframe\Library\PackageCache\com.unity.burst@07790c2d06d9)
    com.unity.nuget.newtonsoft-json@3.2.2 (location: D:\Thư mục mới\legendofblood\legacyofblood_unity_mobile_portraitframe\legacyofblood_unity_mobile_portraitframe\Library\PackageCache\com.unity.nuget.newtonsoft-json@4dfd81071c64)
    com.unity.nuget.mono-cecil@1.11.6 (location: D:\Thư mục mới\legendofblood\legacyofblood_unity_mobile_portraitframe\legacyofblood_unity_mobile_portraitframe\Library\PackageCache\com.unity.nuget.mono-cecil@ecb9724e46ff)
    com.unity.test-framework.performance@3.2.0 (location: D:\Thư mục mới\legendofblood\legacyofblood_unity_mobile_portraitframe\legacyofblood_unity_mobile_portraitframe\Library\PackageCache\com.unity.test-framework.performance@0840f58e4562)
  Built-in packages:
    com.unity.2d.sprite@1.0.0 (location: D:\Thư mục mới\legendofblood\legacyofblood_unity_mobile_portraitframe\legacyofblood_unity_mobile_portraitframe\Library\PackageCache\com.unity.2d.sprite@d14b9d497a24)
    com.unity.2d.tilemap@1.0.0 (location: D:\Thư mục mới\legendofblood\legacyofblood_unity_mobile_portraitframe\legacyofblood_unity_mobile_portraitframe\Library\PackageCache\com.unity.2d.tilemap@f011712243ad)
    com.unity.feature.2d@2.0.2 (location: D:\Thư mục mới\legendofblood\legacyofblood_unity_mobile_portraitframe\legacyofblood_unity_mobile_portraitframe\Library\PackageCache\com.unity.feature.2d@0309d34ea7f2)
    com.unity.multiplayer.center@1.0.1 (location: D:\Thư mục mới\legendofblood\legacyofblood_unity_mobile_portraitframe\legacyofblood_unity_mobile_portraitframe\Library\PackageCache\com.unity.multiplayer.center@f01f4ba8d00a)
    com.unity.render-pipelines.universal@17.3.0 (location: D:\Thư mục mới\legendofblood\legacyofblood_unity_mobile_portraitframe\legacyofblood_unity_mobile_portraitframe\Library\PackageCache\com.unity.render-pipelines.universal@37e0d4fc2503)
    com.unity.test-framework@1.6.0 (location: D:\Thư mục mới\legendofblood\legacyofblood_unity_mobile_portraitframe\legacyofblood_unity_mobile_portraitframe\Library\PackageCache\com.unity.test-framework@0b7a23ab2e1d)
    com.unity.ugui@2.0.0 (location: D:\Thư mục mới\legendofblood\legacyofblood_unity_mobile_portraitframe\legacyofblood_unity_mobile_portraitframe\Library\PackageCache\com.unity.ugui@bb329a87fcdc)
    com.unity.modules.accessibility@1.0.0 (location: D:\Thư mục mới\legendofblood\legacyofblood_unity_mobile_portraitframe\legacyofblood_unity_mobile_portraitframe\Library\PackageCache\com.unity.modules.accessibility)
    com.unity.modules.adaptiveperformance@1.0.0 (location: D:\Thư mục mới\legendofblood\legacyofblood_unity_mobile_portraitframe\legacyofblood_unity_mobile_portraitframe\Library\PackageCache\com.unity.modules.adaptiveperformance)
    com.unity.modules.ai@1.0.0 (location: D:\Thư mục mới\legendofblood\legacyofblood_unity_mobile_portraitframe\legacyofblood_unity_mobile_portraitframe\Library\PackageCache\com.unity.modules.ai)
    com.unity.modules.androidjni@1.0.0 (location: D:\Thư mục mới\legendofblood\legacyofblood_unity_mobile_portraitframe\legacyofblood_unity_mobile_portraitframe\Library\PackageCache\com.unity.modules.androidjni)
    com.unity.modules.animation@1.0.0 (location: D:\Thư mục mới\legendofblood\legacyofblood_unity_mobile_portraitframe\legacyofblood_unity_mobile_portraitframe\Library\PackageCache\com.unity.modules.animation)
    com.unity.modules.assetbundle@1.0.0 (location: D:\Thư mục mới\legendofblood\legacyofblood_unity_mobile_portraitframe\legacyofblood_unity_mobile_portraitframe\Library\PackageCache\com.unity.modules.assetbundle)
    com.unity.modules.audio@1.0.0 (location: D:\Thư mục mới\legendofblood\legacyofblood_unity_mobile_portraitframe\legacyofblood_unity_mobile_portraitframe\Library\PackageCache\com.unity.modules.audio)
    com.unity.modules.cloth@1.0.0 (location: D:\Thư mục mới\legendofblood\legacyofblood_unity_mobile_portraitframe\legacyofblood_unity_mobile_portraitframe\Library\PackageCache\com.unity.modules.cloth)
    com.unity.modules.director@1.0.0 (location: D:\Thư mục mới\legendofblood\legacyofblood_unity_mobile_portraitframe\legacyofblood_unity_mobile_portraitframe\Library\PackageCache\com.unity.modules.director)
    com.unity.modules.imageconversion@1.0.0 (location: D:\Thư mục mới\legendofblood\legacyofblood_unity_mobile_portraitframe\legacyofblood_unity_mobile_portraitframe\Library\PackageCache\com.unity.modules.imageconversion)
    com.unity.modules.imgui@1.0.0 (location: D:\Thư mục mới\legendofblood\legacyofblood_unity_mobile_portraitframe\legacyofblood_unity_mobile_portraitframe\Library\PackageCache\com.unity.modules.imgui)
    com.unity.modules.jsonserialize@1.0.0 (location: D:\Thư mục mới\legendofblood\legacyofblood_unity_mobile_portraitframe\legacyofblood_unity_mobile_portraitframe\Library\PackageCache\com.unity.modules.jsonserialize)
    com.unity.modules.particlesystem@1.0.0 (location: D:\Thư mục mới\legendofblood\legacyofblood_unity_mobile_portraitframe\legacyofblood_unity_mobile_portraitframe\Library\PackageCache\com.unity.modules.particlesystem)
    com.unity.modules.physics@1.0.0 (location: D:\Thư mục mới\legendofblood\legacyofblood_unity_mobile_portraitframe\legacyofblood_unity_mobile_portraitframe\Library\PackageCache\com.unity.modules.physics)
    com.unity.modules.physics2d@1.0.0 (location: D:\Thư mục mới\legendofblood\legacyofblood_unity_mobile_portraitframe\legacyofblood_unity_mobile_portraitframe\Library\PackageCache\com.unity.modules.physics2d)
    com.unity.modules.screencapture@1.0.0 (location: D:\Thư mục mới\legendofblood\legacyofblood_unity_mobile_portraitframe\legacyofblood_unity_mobile_portraitframe\Library\PackageCache\com.unity.modules.screencapture)
    com.unity.modules.terrain@1.0.0 (location: D:\Thư mục mới\legendofblood\legacyofblood_unity_mobile_portraitframe\legacyofblood_unity_mobile_portraitframe\Library\PackageCache\com.unity.modules.terrain)
    com.unity.modules.terrainphysics@1.0.0 (location: D:\Thư mục mới\legendofblood\legacyofblood_unity_mobile_portraitframe\legacyofblood_unity_mobile_portraitframe\Library\PackageCache\com.unity.modules.terrainphysics)
    com.unity.modules.tilemap@1.0.0 (location: D:\Thư mục mới\legendofblood\legacyofblood_unity_mobile_portraitframe\legacyofblood_unity_mobile_portraitframe\Library\PackageCache\com.unity.modules.tilemap)
    com.unity.modules.ui@1.0.0 (location: D:\Thư mục mới\legendofblood\legacyofblood_unity_mobile_portraitframe\legacyofblood_unity_mobile_portraitframe\Library\PackageCache\com.unity.modules.ui)
    com.unity.modules.uielements@1.0.0 (location: D:\Thư mục mới\legendofblood\legacyofblood_unity_mobile_portraitframe\legacyofblood_unity_mobile_portraitframe\Library\PackageCache\com.unity.modules.uielements)
    com.unity.modules.umbra@1.0.0 (location: D:\Thư mục mới\legendofblood\legacyofblood_unity_mobile_portraitframe\legacyofblood_unity_mobile_portraitframe\Library\PackageCache\com.unity.modules.umbra)
    com.unity.modules.unityanalytics@1.0.0 (location: D:\Thư mục mới\legendofblood\legacyofblood_unity_mobile_portraitframe\legacyofblood_unity_mobile_portraitframe\Library\PackageCache\com.unity.modules.unityanalytics)
    com.unity.modules.unitywebrequest@1.0.0 (location: D:\Thư mục mới\legendofblood\legacyofblood_unity_mobile_portraitframe\legacyofblood_unity_mobile_portraitframe\Library\PackageCache\com.unity.modules.unitywebrequest)
    com.unity.modules.unitywebrequestassetbundle@1.0.0 (location: D:\Thư mục mới\legendofblood\legacyofblood_unity_mobile_portraitframe\legacyofblood_unity_mobile_portraitframe\Library\PackageCache\com.unity.modules.unitywebrequestassetbundle)
    com.unity.modules.unitywebrequestaudio@1.0.0 (location: D:\Thư mục mới\legendofblood\legacyofblood_unity_mobile_portraitframe\legacyofblood_unity_mobile_portraitframe\Library\PackageCache\com.unity.modules.unitywebrequestaudio)
    com.unity.modules.unitywebrequesttexture@1.0.0 (location: D:\Thư mục mới\legendofblood\legacyofblood_unity_mobile_portraitframe\legacyofblood_unity_mobile_portraitframe\Library\PackageCache\com.unity.modules.unitywebrequesttexture)
    com.unity.modules.unitywebrequestwww@1.0.0 (location: D:\Thư mục mới\legendofblood\legacyofblood_unity_mobile_portraitframe\legacyofblood_unity_mobile_portraitframe\Library\PackageCache\com.unity.modules.unitywebrequestwww)
    com.unity.modules.vectorgraphics@1.0.0 (location: D:\Thư mục mới\legendofblood\legacyofblood_unity_mobile_portraitframe\legacyofblood_unity_mobile_portraitframe\Library\PackageCache\com.unity.modules.vectorgraphics)
    com.unity.modules.vehicles@1.0.0 (location: D:\Thư mục mới\legendofblood\legacyofblood_unity_mobile_portraitframe\legacyofblood_unity_mobile_portraitframe\Library\PackageCache\com.unity.modules.vehicles)
    com.unity.modules.video@1.0.0 (location: D:\Thư mục mới\legendofblood\legacyofblood_unity_mobile_portraitframe\legacyofblood_unity_mobile_portraitframe\Library\PackageCache\com.unity.modules.video)
    com.unity.modules.vr@1.0.0 (location: D:\Thư mục mới\legendofblood\legacyofblood_unity_mobile_portraitframe\legacyofblood_unity_mobile_portraitframe\Library\PackageCache\com.unity.modules.vr)
    com.unity.modules.wind@1.0.0 (location: D:\Thư mục mới\legendofblood\legacyofblood_unity_mobile_portraitframe\legacyofblood_unity_mobile_portraitframe\Library\PackageCache\com.unity.modules.wind)
    com.unity.modules.xr@1.0.0 (location: D:\Thư mục mới\legendofblood\legacyofblood_unity_mobile_portraitframe\legacyofblood_unity_mobile_portraitframe\Library\PackageCache\com.unity.modules.xr)
    com.unity.modules.subsystems@1.0.0 (location: D:\Thư mục mới\legendofblood\legacyofblood_unity_mobile_portraitframe\legacyofblood_unity_mobile_portraitframe\Library\PackageCache\com.unity.modules.subsystems)
    com.unity.modules.hierarchycore@1.0.0 (location: D:\Thư mục mới\legendofblood\legacyofblood_unity_mobile_portraitframe\legacyofblood_unity_mobile_portraitframe\Library\PackageCache\com.unity.modules.hierarchycore)
    com.unity.ext.nunit@2.0.5 (location: D:\Thư mục mới\legendofblood\legacyofblood_unity_mobile_portraitframe\legacyofblood_unity_mobile_portraitframe\Library\PackageCache\com.unity.ext.nunit@d8c07649098d)
    com.unity.render-pipelines.core@17.3.0 (location: D:\Thư mục mới\legendofblood\legacyofblood_unity_mobile_portraitframe\legacyofblood_unity_mobile_portraitframe\Library\PackageCache\com.unity.render-pipelines.core@04ab0eefa0c3)
    com.unity.shadergraph@17.3.0 (location: D:\Thư mục mới\legendofblood\legacyofblood_unity_mobile_portraitframe\legacyofblood_unity_mobile_portraitframe\Library\PackageCache\com.unity.shadergraph@c8830f61858d)
    com.unity.render-pipelines.universal-config@17.0.3 (location: D:\Thư mục mới\legendofblood\legacyofblood_unity_mobile_portraitframe\legacyofblood_unity_mobile_portraitframe\Library\PackageCache\com.unity.render-pipelines.universal-config@8dc1aab4af1d)
[Subsystems] No new subsystems found in resolved package list.
[Package Manager] Done registering packages in 0.02 seconds
[ScriptCompilation] Requested script compilation because: Assetdatabase observed changes in script compilation related files
Starting: C:\Program Files\Unity\Hub\Editor\6000.3.10f1\Editor\Data\Tools\BuildPipeline\bee_backend.exe --ipc --defer-dag-verification --dagfile="Library/Bee/1900b0aE.dag" --continue-on-failure --profile="Library/Bee/backend1.traceevents" ScriptAssemblies
WorkingDir: D:/Thư mục mới/legendofblood/legacyofblood_unity_mobile_portraitframe/legacyofblood_unity_mobile_portraitframe
DisplayProgressbar: Compiling Scripts
ExitCode: 0 Duration: 1s130ms
[1061/1390  0s] ILPP-Configuration Library/ilpp-configuration.nevergeneratedoutput
[1386/1390  0s] Csc Library/Bee/artifacts/1900b0aE.dag/Assembly-CSharp-Editor.dll (+2 others)
[1387/1390  0s] ILPostProcess Library/Bee/artifacts/1900b0aE.dag/post-processed/Assembly-CSharp-Editor.dll (+pdb)
Processing assembly Library/Bee/artifacts/1900b0aE.dag/Assembly-CSharp-Editor.dll, with 137 defines and 368 references

processors: Unity.Jobs.CodeGen.JobsILPostProcessor, zzzUnity.Burst.CodeGen.BurstILPostProcessor

running Unity.Jobs.CodeGen.JobsILPostProcessor

running zzzUnity.Burst.CodeGen.BurstILPostProcessor
[1388/1390  0s] CopyFiles Library/ScriptAssemblies/Assembly-CSharp-Editor.dll
[1389/1390  0s] CopyFiles Library/ScriptAssemblies/Assembly-CSharp-Editor.pdb
*** Tundra build success (1.11 seconds), 5 items updated, 1390 evaluated
AssetDatabase: script compilation time: 1.473070s
Begin MonoManager ReloadAssembly
DirectoryNotFoundException: Could not find a part of the path "D:\Thư mục mới\legendofblood\legacyofblood_unity_mobile_portraitframe\legacyofblood_unity_mobile_portraitframe\Library\PackageCache\com.unity.visualscripting@191c0d7e3b69\Editor\VisualScripting.Core\Dependencies\YamlDotNet\Unity.VisualScripting.YamlDotNet.dll"
  at System.IO.FileStream..ctor (System.String path, System.IO.FileMode mode, System.IO.FileAccess access, System.IO.FileShare share, System.Int32 bufferSize, System.Boolean anonymous, System.IO.FileOptions options) [0x0019e] in <41d29b352f6a475ab1bf7c6628b82790>:0 
  at System.IO.FileStream..ctor (System.String path, System.IO.FileMode mode, System.IO.FileAccess access, System.IO.FileShare share) [0x00000] in <41d29b352f6a475ab1bf7c6628b82790>:0 
  at (wrapper remoting-invoke-with-check) System.IO.FileStream..ctor(string,System.IO.FileMode,System.IO.FileAccess,System.IO.FileShare)
  at Mono.Cecil.ModuleDefinition.GetFileStream (System.String fileName, System.IO.FileMode mode, System.IO.FileAccess access, System.IO.FileShare share) [0x00006] in <4e339395f8074c75847e518298d9c5fd>:0 
  at Mono.Cecil.ModuleDefinition.ReadModule (System.String fileName, Mono.Cecil.ReaderParameters parameters) [0x00008] in <4e339395f8074c75847e518298d9c5fd>:0 
  at Mono.Cecil.AssemblyDefinition.ReadAssembly (System.String fileName, Mono.Cecil.ReaderParameters parameters) [0x00000] in <4e339395f8074c75847e518298d9c5fd>:0 
  at UnityEditor.AssemblyValidation.LoadAssemblyDefinitions (System.String[] assemblyPaths, System.String[] searchPaths) [0x00048] in <49fcb209645d4ccfb3e373da32345d37>:0 
  at UnityEditor.AssemblyValidation.ValidateAssemblies (System.String[] assemblyPaths, System.Boolean enableLogging) [0x00007] in <49fcb209645d4ccfb3e373da32345d37>:0 

- Loaded All Assemblies, in  0.719 seconds
Refreshing native plugins compatible for Editor in 3.12 ms, found 4 plugins.
Native extension for WindowsStandalone target not found
Native extension for WebGL target not found
Refreshing native plugins compatible for Editor in 3.44 ms, found 4 plugins.
ScheduleIndexationOnStartup MainProcess:True IndexOnStartup:True
Mono: successfully reloaded assembly
- Finished resetting the current domain, in  2.911 seconds
Domain Reload Profiling: 3628ms
	BeginReloadAssembly (273ms)
		ExecutionOrderSort (0ms)
		DisableScriptedObjects (9ms)
		BackupInstance (0ms)
		ReleaseScriptingObjects (0ms)
		CreateAndSetChildDomain (153ms)
	RebuildCommonClasses (27ms)
	RebuildNativeTypeToScriptingClass (10ms)
	initialDomainReloadingComplete (25ms)
	LoadAllAssembliesAndSetupDomain (382ms)
		LoadAssemblies (187ms)
		RebuildTransferFunctionScriptingTraits (0ms)
		AnalyzeDomain (271ms)
			TypeCache.Refresh (158ms)
				TypeCache.ScanAssembly (145ms)
			BuildScriptInfoCaches (100ms)
			ResolveRequiredComponents (9ms)
	FinalizeReload (2911ms)
		ReleaseScriptCaches (0ms)
		RebuildScriptCaches (0ms)
		SetupLoadedEditorAssemblies (2761ms)
			LogAssemblyErrors (0ms)
			InitializePlatformSupportModulesInManaged (22ms)
			SetLoadedEditorAssemblies (5ms)
			BeforeProcessingInitializeOnLoad (148ms)
			ProcessInitializeOnLoadAttributes (2390ms)
			ProcessInitializeOnLoadMethodAttributes (191ms)
			AfterProcessingInitializeOnLoad (5ms)
			EditorAssembliesLoaded (1ms)
		ExecutionOrderSort2 (0ms)
		AwakeInstancesAfterBackupRestoration (8ms)
Refreshing native plugins compatible for Editor in 3.20 ms, found 4 plugins.
Preloading 0 native plugins for Editor in 0.00 ms.
Asset Pipeline Refresh (id=5f793fc2a29ba03419edb131fc7bce34): Total: 5.858 seconds - Initiated by InitialRefreshV2(ForceSynchronousImport)
	Summary:
		Imports: total=0 (actual=0, local cache=0, cache server=0)
		Asset DB Process Time: managed=0 ms, native=3348 ms
		Asset DB Callback time: managed=235 ms, native=30 ms
		Scripting: domain reloads=1, domain reload time=719 ms, compile time=1475 ms, other=48 ms
		Project Asset Count: scripts=1861, non-scripts=3565
		Asset File Changes: new=0, changed=1, moved=0, deleted=0
		Scan Filter Count: 0
	InvokeCustomDependenciesCallbacks: 0.001ms
	InvokePackagesCallback: 23.805ms
	ApplyChangesToAssetFolders: 0.876ms
	Scan: 136.236ms
	OnSourceAssetsModified: 0.799ms
	CategorizeAssetsWithTransientArtifact: 43.728ms
	ProcessAssetsWithTransientArtifactChanges: 70.941ms
	CategorizeAssets: 52.102ms
	ImportOutOfDateAssets: 2927.703ms (1450.604ms without children)
		CompileScripts: 1475.284ms
		ReloadNativeAssets: 0.019ms
		UnloadImportedAssets: 0.625ms
		EnsureUptoDateAssetsAreRegisteredWithGuidPM: 0.728ms
		InitializingProgressBar: 0.000ms
		PostProcessAllAssetNotificationsAddChangedAssets: 0.000ms
		OnDemandSchedulerStart: 0.442ms
	PostProcessAllAssets: 237.383ms
	Hotreload: 4.874ms
	GatherAllCurrentPrimaryArtifactRevisions: 0.002ms
	UnloadStreamsBegin: 2.077ms
	PersistCurrentRevisions: 0.153ms
	UnloadStreamsEnd: 0.001ms
	GenerateScriptTypeHashes: 2.920ms
	Untracked: 2356.912ms

Application.AssetDatabase Initial Refresh End
Launched and connected shader compiler UnityShaderCompiler.exe after 0.01 seconds
Scanning for USB devices : 5.357ms
Initializing Unity extensions:
[MODES] ModeService[none].Initialize
[MODES] ModeService[none].LoadModes
[MODES] Loading mode Default (0) for mode-current-id-legacyofblood_unity_mobile_portraitframe
Unloading 19 Unused Serialized files (Serialized files now loaded: 0)
Unloading 8080 unused Assets / (6.0 MB). Loaded Objects now: 8891.
Memory consumption went from 229.3 MB to 223.2 MB.
Total: 12.974200 ms (FindLiveObjects: 1.912700 ms CreateObjectMapping: 0.873100 ms MarkObjects: 6.963500 ms  DeleteObjects: 3.223500 ms)

Forced SyncAll on configured editor: DefaultExternalCodeEditor
UnityEngine.Debug:ExtractStackTraceNoAlloc (byte*,int,string)
UnityEngine.StackTraceUtility:ExtractStackTrace ()
UnityEngine.DebugLogHandler:Internal_Log (UnityEngine.LogType,UnityEngine.LogOption,string,UnityEngine.Object)
UnityEngine.DebugLogHandler:LogFormat (UnityEngine.LogType,UnityEngine.Object,string,object[])
UnityEngine.Logger:Log (UnityEngine.LogType,object)
UnityEngine.Debug:Log (object)
SyncProjectFiles:Sync () (at Assets/Editor/SyncProjectFiles.cs:19)

(Filename: Assets/Editor/SyncProjectFiles.cs Line: 19)

Batchmode quit successfully invoked - shutting down!
Curl error 42: Callback aborted
[Physics::Module] Cleanup current backend.
[Physics::Module] Id: 0xf2b8ea05
Input System module state changed to: ShutdownInProgress.
Input System polling thread exited.
Input System module state changed to: Shutdown.
[Licensing::IpcConnector] LicenseClient-Admin-notifications channel disconnected successfully.
[Licensing::IpcConnector] LicenseClient-Admin channel disconnected successfully.
AcceleratorClientConnectionCallback - disconnected - :0
Cleanup mono
Exiting batchmode successfully now!
Exiting without the bug reporter. Application will terminate with return code 0